[2026-03-09T17:14:38.179+0000] {local_task_job_runner.py:123} INFO - ::group::Pre task execution logs
[2026-03-09T17:14:38.209+0000] {taskinstance.py:2631} INFO - Dependencies all met for dep_context=non-requeueable deps ti=<TaskInstance: mongo_to_postgres_replication.replicate_ModerationQueue manual__2026-03-09T17:09:13.489068+00:00 [queued]>
[2026-03-09T17:14:38.219+0000] {taskinstance.py:2631} INFO - Dependencies all met for dep_context=requeueable deps ti=<TaskInstance: mongo_to_postgres_replication.replicate_ModerationQueue manual__2026-03-09T17:09:13.489068+00:00 [queued]>
[2026-03-09T17:14:38.220+0000] {taskinstance.py:2884} INFO - Starting attempt 2 of 2
[2026-03-09T17:14:38.233+0000] {taskinstance.py:2907} INFO - Executing <Task(PythonOperator): replicate_ModerationQueue> on 2026-03-09 17:09:13.489068+00:00
[2026-03-09T17:14:38.243+0000] {standard_task_runner.py:72} INFO - Started process 1248 to run task
[2026-03-09T17:14:38.249+0000] {standard_task_runner.py:104} INFO - Running: ['***', 'tasks', 'run', 'mongo_to_postgres_replication', 'replicate_ModerationQueue', 'manual__2026-03-09T17:09:13.489068+00:00', '--job-id', '76', '--raw', '--subdir', 'DAGS_FOLDER/etl_mongo_to_postgres.py', '--cfg-path', '/tmp/tmpxngmxyqb']
[2026-03-09T17:14:38.253+0000] {standard_task_runner.py:105} INFO - Job 76: Subtask replicate_ModerationQueue
[2026-03-09T17:14:38.334+0000] {task_command.py:467} INFO - Running <TaskInstance: mongo_to_postgres_replication.replicate_ModerationQueue manual__2026-03-09T17:09:13.489068+00:00 [running]> on host 0758b4bba4fb
[2026-03-09T17:14:38.462+0000] {taskinstance.py:3157} INFO - Exporting env vars: AIRFLOW_CTX_DAG_OWNER='student' AIRFLOW_CTX_DAG_ID='mongo_to_postgres_replication' AIRFLOW_CTX_TASK_ID='replicate_ModerationQueue' AIRFLOW_CTX_EXECUTION_DATE='2026-03-09T17:09:13.489068+00:00' AIRFLOW_CTX_TRY_NUMBER='2' AIRFLOW_CTX_DAG_RUN_ID='manual__2026-03-09T17:09:13.489068+00:00'
[2026-03-09T17:14:38.463+0000] {taskinstance.py:740} INFO - ::endgroup::
[2026-03-09T17:14:38.501+0000] {base.py:84} INFO - Retrieving connection 'mongo_default'
[2026-03-09T17:14:38.539+0000] {logging_mixin.py:190} INFO - Found 2 documents in ModerationQueue
[2026-03-09T17:14:38.557+0000] {base.py:84} INFO - Retrieving connection 'postgres_etl'
[2026-03-09T17:14:38.581+0000] {taskinstance.py:3336} ERROR - Task failed with exception
Traceback (most recent call last):
  File "/home/airflow/.local/lib/python3.11/site-packages/airflow/models/taskinstance.py", line 776, in _execute_task
    result = _execute_callable(context=context, **execute_callable_kwargs)
             ^^^^^^^^^^^^^^^^^^^^^^^^^^^^^^^^^^^^^^^^^^^^^^^^^^^^^^^^^^^^^
  File "/home/airflow/.local/lib/python3.11/site-packages/airflow/models/taskinstance.py", line 742, in _execute_callable
    return ExecutionCallableRunner(
           ^^^^^^^^^^^^^^^^^^^^^^^^
  File "/home/airflow/.local/lib/python3.11/site-packages/airflow/utils/operator_helpers.py", line 252, in run
    return self.func(*args, **kwargs)
           ^^^^^^^^^^^^^^^^^^^^^^^^^^
  File "/home/airflow/.local/lib/python3.11/site-packages/airflow/models/baseoperator.py", line 424, in wrapper
    return func(self, *args, **kwargs)
           ^^^^^^^^^^^^^^^^^^^^^^^^^^^
  File "/home/airflow/.local/lib/python3.11/site-packages/airflow/operators/python.py", line 238, in execute
    return_value = self.execute_callable()
                   ^^^^^^^^^^^^^^^^^^^^^^^
  File "/home/airflow/.local/lib/python3.11/site-packages/airflow/operators/python.py", line 256, in execute_callable
    return runner.run(*self.op_args, **self.op_kwargs)
           ^^^^^^^^^^^^^^^^^^^^^^^^^^^^^^^^^^^^^^^^^^^
  File "/home/airflow/.local/lib/python3.11/site-packages/airflow/utils/operator_helpers.py", line 252, in run
    return self.func(*args, **kwargs)
           ^^^^^^^^^^^^^^^^^^^^^^^^^^
  File "/opt/airflow/dags/etl_mongo_to_postgres.py", line 72, in replicate_collection
    execute_values(cur, insert_sql, values)
  File "/home/airflow/.local/lib/python3.11/site-packages/psycopg2/extras.py", line 1299, in execute_values
    cur.execute(b''.join(parts))
psycopg2.errors.InvalidTextRepresentation: malformed array literal: "[]"
LINE 1: ...ser_123','prod_101','Great product!',5,'approved','[]','2026...
                                                             ^
DETAIL:  "[" must introduce explicitly-specified array dimensions.

[2026-03-09T17:14:38.598+0000] {taskinstance.py:1242} INFO - Marking task as FAILED. dag_id=mongo_to_postgres_replication, task_id=replicate_ModerationQueue, run_id=manual__2026-03-09T17:09:13.489068+00:00, execution_date=20260309T170913, start_date=20260309T171438, end_date=20260309T171438
[2026-03-09T17:14:38.644+0000] {taskinstance.py:349} INFO - ::group::Post task execution logs
[2026-03-09T17:14:38.645+0000] {standard_task_runner.py:124} ERROR - Failed to execute job 76 for task replicate_ModerationQueue (malformed array literal: "[]"
LINE 1: ...ser_123','prod_101','Great product!',5,'approved','[]','2026...
                                                             ^
DETAIL:  "[" must introduce explicitly-specified array dimensions.
; 1248)
Traceback (most recent call last):
  File "/home/airflow/.local/lib/python3.11/site-packages/airflow/task/task_runner/standard_task_runner.py", line 117, in _start_by_fork
    ret = args.func(args, dag=self.dag)
          ^^^^^^^^^^^^^^^^^^^^^^^^^^^^^
  File "/home/airflow/.local/lib/python3.11/site-packages/airflow/cli/cli_config.py", line 49, in command
    return func(*args, **kwargs)
           ^^^^^^^^^^^^^^^^^^^^^
  File "/home/airflow/.local/lib/python3.11/site-packages/airflow/utils/cli.py", line 116, in wrapper
    return f(*args, **kwargs)
           ^^^^^^^^^^^^^^^^^^
  File "/home/airflow/.local/lib/python3.11/site-packages/airflow/cli/commands/task_command.py", line 483, in task_run
    task_return_code = _run_task_by_selected_method(args, _dag, ti)
                       ^^^^^^^^^^^^^^^^^^^^^^^^^^^^^^^^^^^^^^^^^^^^
  File "/home/airflow/.local/lib/python3.11/site-packages/airflow/cli/commands/task_command.py", line 256, in _run_task_by_selected_method
    return _run_raw_task(args, ti)
           ^^^^^^^^^^^^^^^^^^^^^^^
  File "/home/airflow/.local/lib/python3.11/site-packages/airflow/cli/commands/task_command.py", line 341, in _run_raw_task
    return ti._run_raw_task(
           ^^^^^^^^^^^^^^^^^
  File "/home/airflow/.local/lib/python3.11/site-packages/airflow/utils/session.py", line 97, in wrapper
    return func(*args, session=session, **kwargs)
           ^^^^^^^^^^^^^^^^^^^^^^^^^^^^^^^^^^^^^^
  File "/home/airflow/.local/lib/python3.11/site-packages/airflow/models/taskinstance.py", line 3029, in _run_raw_task
    return _run_raw_task(
           ^^^^^^^^^^^^^^
  File "/home/airflow/.local/lib/python3.11/site-packages/airflow/models/taskinstance.py", line 282, in _run_raw_task
    TaskInstance._execute_task_with_callbacks(
  File "/home/airflow/.local/lib/python3.11/site-packages/airflow/models/taskinstance.py", line 3184, in _execute_task_with_callbacks
    result = self._execute_task(context, task_orig)
             ^^^^^^^^^^^^^^^^^^^^^^^^^^^^^^^^^^^^^^
  File "/home/airflow/.local/lib/python3.11/site-packages/airflow/models/taskinstance.py", line 3208, in _execute_task
    return _execute_task(self, context, task_orig)
           ^^^^^^^^^^^^^^^^^^^^^^^^^^^^^^^^^^^^^^^
  File "/home/airflow/.local/lib/python3.11/site-packages/airflow/models/taskinstance.py", line 776, in _execute_task
    result = _execute_callable(context=context, **execute_callable_kwargs)
             ^^^^^^^^^^^^^^^^^^^^^^^^^^^^^^^^^^^^^^^^^^^^^^^^^^^^^^^^^^^^^
  File "/home/airflow/.local/lib/python3.11/site-packages/airflow/models/taskinstance.py", line 742, in _execute_callable
    return ExecutionCallableRunner(
           ^^^^^^^^^^^^^^^^^^^^^^^^
  File "/home/airflow/.local/lib/python3.11/site-packages/airflow/utils/operator_helpers.py", line 252, in run
    return self.func(*args, **kwargs)
           ^^^^^^^^^^^^^^^^^^^^^^^^^^
  File "/home/airflow/.local/lib/python3.11/site-packages/airflow/models/baseoperator.py", line 424, in wrapper
    return func(self, *args, **kwargs)
           ^^^^^^^^^^^^^^^^^^^^^^^^^^^
  File "/home/airflow/.local/lib/python3.11/site-packages/airflow/operators/python.py", line 238, in execute
    return_value = self.execute_callable()
                   ^^^^^^^^^^^^^^^^^^^^^^^
  File "/home/airflow/.local/lib/python3.11/site-packages/airflow/operators/python.py", line 256, in execute_callable
    return runner.run(*self.op_args, **self.op_kwargs)
           ^^^^^^^^^^^^^^^^^^^^^^^^^^^^^^^^^^^^^^^^^^^
  File "/home/airflow/.local/lib/python3.11/site-packages/airflow/utils/operator_helpers.py", line 252, in run
    return self.func(*args, **kwargs)
           ^^^^^^^^^^^^^^^^^^^^^^^^^^
  File "/opt/airflow/dags/etl_mongo_to_postgres.py", line 72, in replicate_collection
    execute_values(cur, insert_sql, values)
  File "/home/airflow/.local/lib/python3.11/site-packages/psycopg2/extras.py", line 1299, in execute_values
    cur.execute(b''.join(parts))
psycopg2.errors.InvalidTextRepresentation: malformed array literal: "[]"
LINE 1: ...ser_123','prod_101','Great product!',5,'approved','[]','2026...
                                                             ^
DETAIL:  "[" must introduce explicitly-specified array dimensions.

[2026-03-09T17:14:38.668+0000] {local_task_job_runner.py:266} INFO - Task exited with return code 1
[2026-03-09T17:14:38.696+0000] {taskinstance.py:3924} INFO - 0 downstream tasks scheduled from follow-on schedule check
[2026-03-09T17:14:38.699+0000] {local_task_job_runner.py:245} INFO - ::endgroup::
