[2026-03-09T17:13:59.580+0000] {local_task_job_runner.py:123} INFO - ::group::Pre task execution logs
[2026-03-09T17:13:59.604+0000] {taskinstance.py:2631} INFO - Dependencies all met for dep_context=non-requeueable deps ti=<TaskInstance: mongo_to_postgres_replication.replicate_UserRecommendations manual__2026-03-09T17:13:43.418003+00:00 [queued]>
[2026-03-09T17:13:59.613+0000] {taskinstance.py:2631} INFO - Dependencies all met for dep_context=requeueable deps ti=<TaskInstance: mongo_to_postgres_replication.replicate_UserRecommendations manual__2026-03-09T17:13:43.418003+00:00 [queued]>
[2026-03-09T17:13:59.614+0000] {taskinstance.py:2884} INFO - Starting attempt 1 of 2
[2026-03-09T17:13:59.627+0000] {taskinstance.py:2907} INFO - Executing <Task(PythonOperator): replicate_UserRecommendations> on 2026-03-09 17:13:43.418003+00:00
[2026-03-09T17:13:59.634+0000] {standard_task_runner.py:72} INFO - Started process 1158 to run task
[2026-03-09T17:13:59.639+0000] {standard_task_runner.py:104} INFO - Running: ['***', 'tasks', 'run', 'mongo_to_postgres_replication', 'replicate_UserRecommendations', 'manual__2026-03-09T17:13:43.418003+00:00', '--job-id', '72', '--raw', '--subdir', 'DAGS_FOLDER/etl_mongo_to_postgres.py', '--cfg-path', '/tmp/tmp5hkbe2eo']
[2026-03-09T17:13:59.642+0000] {standard_task_runner.py:105} INFO - Job 72: Subtask replicate_UserRecommendations
[2026-03-09T17:13:59.709+0000] {task_command.py:467} INFO - Running <TaskInstance: mongo_to_postgres_replication.replicate_UserRecommendations manual__2026-03-09T17:13:43.418003+00:00 [running]> on host 0758b4bba4fb
[2026-03-09T17:13:59.801+0000] {taskinstance.py:3157} INFO - Exporting env vars: AIRFLOW_CTX_DAG_OWNER='student' AIRFLOW_CTX_DAG_ID='mongo_to_postgres_replication' AIRFLOW_CTX_TASK_ID='replicate_UserRecommendations' AIRFLOW_CTX_EXECUTION_DATE='2026-03-09T17:13:43.418003+00:00' AIRFLOW_CTX_TRY_NUMBER='1' AIRFLOW_CTX_DAG_RUN_ID='manual__2026-03-09T17:13:43.418003+00:00'
[2026-03-09T17:13:59.802+0000] {taskinstance.py:740} INFO - ::endgroup::
[2026-03-09T17:13:59.830+0000] {base.py:84} INFO - Retrieving connection 'mongo_default'
[2026-03-09T17:13:59.860+0000] {logging_mixin.py:190} INFO - Found 2 documents in UserRecommendations
[2026-03-09T17:13:59.872+0000] {base.py:84} INFO - Retrieving connection 'postgres_etl'
[2026-03-09T17:13:59.891+0000] {logging_mixin.py:190} INFO - Loaded 2 rows into user_recommendations
[2026-03-09T17:13:59.893+0000] {python.py:240} INFO - Done. Returned value was: None
[2026-03-09T17:13:59.907+0000] {taskinstance.py:349} INFO - ::group::Post task execution logs
[2026-03-09T17:13:59.908+0000] {taskinstance.py:361} INFO - Marking task as SUCCESS. dag_id=mongo_to_postgres_replication, task_id=replicate_UserRecommendations, run_id=manual__2026-03-09T17:13:43.418003+00:00, execution_date=20260309T171343, start_date=20260309T171359, end_date=20260309T171359
[2026-03-09T17:13:59.977+0000] {local_task_job_runner.py:266} INFO - Task exited with return code 0
[2026-03-09T17:14:00.000+0000] {taskinstance.py:3924} INFO - 0 downstream tasks scheduled from follow-on schedule check
[2026-03-09T17:14:00.003+0000] {local_task_job_runner.py:245} INFO - ::endgroup::
