[2026-03-09T17:14:33.531+0000] {local_task_job_runner.py:123} INFO - ::group::Pre task execution logs
[2026-03-09T17:14:33.563+0000] {taskinstance.py:2631} INFO - Dependencies all met for dep_context=non-requeueable deps ti=<TaskInstance: mongo_to_postgres_replication.replicate_UserRecommendations manual__2026-03-09T17:09:13.489068+00:00 [queued]>
[2026-03-09T17:14:33.574+0000] {taskinstance.py:2631} INFO - Dependencies all met for dep_context=requeueable deps ti=<TaskInstance: mongo_to_postgres_replication.replicate_UserRecommendations manual__2026-03-09T17:09:13.489068+00:00 [queued]>
[2026-03-09T17:14:33.575+0000] {taskinstance.py:2884} INFO - Starting attempt 2 of 2
[2026-03-09T17:14:33.591+0000] {taskinstance.py:2907} INFO - Executing <Task(PythonOperator): replicate_UserRecommendations> on 2026-03-09 17:09:13.489068+00:00
[2026-03-09T17:14:33.602+0000] {standard_task_runner.py:72} INFO - Started process 1226 to run task
[2026-03-09T17:14:33.608+0000] {standard_task_runner.py:104} INFO - Running: ['***', 'tasks', 'run', 'mongo_to_postgres_replication', 'replicate_UserRecommendations', 'manual__2026-03-09T17:09:13.489068+00:00', '--job-id', '75', '--raw', '--subdir', 'DAGS_FOLDER/etl_mongo_to_postgres.py', '--cfg-path', '/tmp/tmpn1k3eruq']
[2026-03-09T17:14:33.612+0000] {standard_task_runner.py:105} INFO - Job 75: Subtask replicate_UserRecommendations
[2026-03-09T17:14:33.700+0000] {task_command.py:467} INFO - Running <TaskInstance: mongo_to_postgres_replication.replicate_UserRecommendations manual__2026-03-09T17:09:13.489068+00:00 [running]> on host 0758b4bba4fb
[2026-03-09T17:14:33.833+0000] {taskinstance.py:3157} INFO - Exporting env vars: AIRFLOW_CTX_DAG_OWNER='student' AIRFLOW_CTX_DAG_ID='mongo_to_postgres_replication' AIRFLOW_CTX_TASK_ID='replicate_UserRecommendations' AIRFLOW_CTX_EXECUTION_DATE='2026-03-09T17:09:13.489068+00:00' AIRFLOW_CTX_TRY_NUMBER='2' AIRFLOW_CTX_DAG_RUN_ID='manual__2026-03-09T17:09:13.489068+00:00'
[2026-03-09T17:14:33.834+0000] {taskinstance.py:740} INFO - ::endgroup::
[2026-03-09T17:14:33.871+0000] {base.py:84} INFO - Retrieving connection 'mongo_default'
[2026-03-09T17:14:33.911+0000] {logging_mixin.py:190} INFO - Found 2 documents in UserRecommendations
[2026-03-09T17:14:33.927+0000] {base.py:84} INFO - Retrieving connection 'postgres_etl'
[2026-03-09T17:14:33.953+0000] {logging_mixin.py:190} INFO - Loaded 2 rows into user_recommendations
[2026-03-09T17:14:33.955+0000] {python.py:240} INFO - Done. Returned value was: None
[2026-03-09T17:14:33.977+0000] {taskinstance.py:349} INFO - ::group::Post task execution logs
[2026-03-09T17:14:33.977+0000] {taskinstance.py:361} INFO - Marking task as SUCCESS. dag_id=mongo_to_postgres_replication, task_id=replicate_UserRecommendations, run_id=manual__2026-03-09T17:09:13.489068+00:00, execution_date=20260309T170913, start_date=20260309T171433, end_date=20260309T171433
[2026-03-09T17:14:34.065+0000] {local_task_job_runner.py:266} INFO - Task exited with return code 0
[2026-03-09T17:14:34.094+0000] {taskinstance.py:3924} INFO - 0 downstream tasks scheduled from follow-on schedule check
[2026-03-09T17:14:34.097+0000] {local_task_job_runner.py:245} INFO - ::endgroup::
