[2026-03-09T17:14:21.670+0000] {local_task_job_runner.py:123} INFO - ::group::Pre task execution logs
[2026-03-09T17:14:21.701+0000] {taskinstance.py:2631} INFO - Dependencies all met for dep_context=non-requeueable deps ti=<TaskInstance: mongo_to_postgres_replication.replicate_UserSessions manual__2026-03-09T17:09:13.489068+00:00 [queued]>
[2026-03-09T17:14:21.711+0000] {taskinstance.py:2631} INFO - Dependencies all met for dep_context=requeueable deps ti=<TaskInstance: mongo_to_postgres_replication.replicate_UserSessions manual__2026-03-09T17:09:13.489068+00:00 [queued]>
[2026-03-09T17:14:21.712+0000] {taskinstance.py:2884} INFO - Starting attempt 2 of 2
[2026-03-09T17:14:21.727+0000] {taskinstance.py:2907} INFO - Executing <Task(PythonOperator): replicate_UserSessions> on 2026-03-09 17:09:13.489068+00:00
[2026-03-09T17:14:21.736+0000] {standard_task_runner.py:72} INFO - Started process 1203 to run task
[2026-03-09T17:14:21.742+0000] {standard_task_runner.py:104} INFO - Running: ['***', 'tasks', 'run', 'mongo_to_postgres_replication', 'replicate_UserSessions', 'manual__2026-03-09T17:09:13.489068+00:00', '--job-id', '74', '--raw', '--subdir', 'DAGS_FOLDER/etl_mongo_to_postgres.py', '--cfg-path', '/tmp/tmpfa5mxmf9']
[2026-03-09T17:14:21.746+0000] {standard_task_runner.py:105} INFO - Job 74: Subtask replicate_UserSessions
[2026-03-09T17:14:21.829+0000] {task_command.py:467} INFO - Running <TaskInstance: mongo_to_postgres_replication.replicate_UserSessions manual__2026-03-09T17:09:13.489068+00:00 [running]> on host 0758b4bba4fb
[2026-03-09T17:14:21.957+0000] {taskinstance.py:3157} INFO - Exporting env vars: AIRFLOW_CTX_DAG_OWNER='student' AIRFLOW_CTX_DAG_ID='mongo_to_postgres_replication' AIRFLOW_CTX_TASK_ID='replicate_UserSessions' AIRFLOW_CTX_EXECUTION_DATE='2026-03-09T17:09:13.489068+00:00' AIRFLOW_CTX_TRY_NUMBER='2' AIRFLOW_CTX_DAG_RUN_ID='manual__2026-03-09T17:09:13.489068+00:00'
[2026-03-09T17:14:21.959+0000] {taskinstance.py:740} INFO - ::endgroup::
[2026-03-09T17:14:21.995+0000] {base.py:84} INFO - Retrieving connection 'mongo_default'
[2026-03-09T17:14:22.034+0000] {logging_mixin.py:190} INFO - Found 3 documents in UserSessions
[2026-03-09T17:14:22.050+0000] {base.py:84} INFO - Retrieving connection 'postgres_etl'
[2026-03-09T17:14:22.078+0000] {logging_mixin.py:190} INFO - Loaded 3 rows into user_sessions
[2026-03-09T17:14:22.080+0000] {python.py:240} INFO - Done. Returned value was: None
[2026-03-09T17:14:22.101+0000] {taskinstance.py:349} INFO - ::group::Post task execution logs
[2026-03-09T17:14:22.102+0000] {taskinstance.py:361} INFO - Marking task as SUCCESS. dag_id=mongo_to_postgres_replication, task_id=replicate_UserSessions, run_id=manual__2026-03-09T17:09:13.489068+00:00, execution_date=20260309T170913, start_date=20260309T171421, end_date=20260309T171422
[2026-03-09T17:14:22.164+0000] {local_task_job_runner.py:266} INFO - Task exited with return code 0
[2026-03-09T17:14:22.197+0000] {taskinstance.py:3924} INFO - 0 downstream tasks scheduled from follow-on schedule check
[2026-03-09T17:14:22.200+0000] {local_task_job_runner.py:245} INFO - ::endgroup::
