[2026-03-09T17:13:47.931+0000] {local_task_job_runner.py:123} INFO - ::group::Pre task execution logs
[2026-03-09T17:13:47.962+0000] {taskinstance.py:2631} INFO - Dependencies all met for dep_context=non-requeueable deps ti=<TaskInstance: mongo_to_postgres_replication.replicate_UserSessions manual__2026-03-09T17:13:43.418003+00:00 [queued]>
[2026-03-09T17:13:47.971+0000] {taskinstance.py:2631} INFO - Dependencies all met for dep_context=requeueable deps ti=<TaskInstance: mongo_to_postgres_replication.replicate_UserSessions manual__2026-03-09T17:13:43.418003+00:00 [queued]>
[2026-03-09T17:13:47.972+0000] {taskinstance.py:2884} INFO - Starting attempt 1 of 2
[2026-03-09T17:13:47.987+0000] {taskinstance.py:2907} INFO - Executing <Task(PythonOperator): replicate_UserSessions> on 2026-03-09 17:13:43.418003+00:00
[2026-03-09T17:13:47.996+0000] {standard_task_runner.py:72} INFO - Started process 1090 to run task
[2026-03-09T17:13:48.004+0000] {standard_task_runner.py:104} INFO - Running: ['***', 'tasks', 'run', 'mongo_to_postgres_replication', 'replicate_UserSessions', 'manual__2026-03-09T17:13:43.418003+00:00', '--job-id', '69', '--raw', '--subdir', 'DAGS_FOLDER/etl_mongo_to_postgres.py', '--cfg-path', '/tmp/tmp6xgvxqxw']
[2026-03-09T17:13:48.008+0000] {standard_task_runner.py:105} INFO - Job 69: Subtask replicate_UserSessions
[2026-03-09T17:13:48.098+0000] {task_command.py:467} INFO - Running <TaskInstance: mongo_to_postgres_replication.replicate_UserSessions manual__2026-03-09T17:13:43.418003+00:00 [running]> on host 0758b4bba4fb
[2026-03-09T17:13:48.225+0000] {taskinstance.py:3157} INFO - Exporting env vars: AIRFLOW_CTX_DAG_OWNER='student' AIRFLOW_CTX_DAG_ID='mongo_to_postgres_replication' AIRFLOW_CTX_TASK_ID='replicate_UserSessions' AIRFLOW_CTX_EXECUTION_DATE='2026-03-09T17:13:43.418003+00:00' AIRFLOW_CTX_TRY_NUMBER='1' AIRFLOW_CTX_DAG_RUN_ID='manual__2026-03-09T17:13:43.418003+00:00'
[2026-03-09T17:13:48.226+0000] {taskinstance.py:740} INFO - ::endgroup::
[2026-03-09T17:13:48.262+0000] {base.py:84} INFO - Retrieving connection 'mongo_default'
[2026-03-09T17:13:48.302+0000] {logging_mixin.py:190} INFO - Found 3 documents in UserSessions
[2026-03-09T17:13:48.317+0000] {base.py:84} INFO - Retrieving connection 'postgres_etl'
[2026-03-09T17:13:48.345+0000] {logging_mixin.py:190} INFO - Loaded 3 rows into user_sessions
[2026-03-09T17:13:48.347+0000] {python.py:240} INFO - Done. Returned value was: None
[2026-03-09T17:13:48.368+0000] {taskinstance.py:349} INFO - ::group::Post task execution logs
[2026-03-09T17:13:48.369+0000] {taskinstance.py:361} INFO - Marking task as SUCCESS. dag_id=mongo_to_postgres_replication, task_id=replicate_UserSessions, run_id=manual__2026-03-09T17:13:43.418003+00:00, execution_date=20260309T171343, start_date=20260309T171347, end_date=20260309T171348
[2026-03-09T17:13:48.466+0000] {local_task_job_runner.py:266} INFO - Task exited with return code 0
[2026-03-09T17:13:48.494+0000] {taskinstance.py:3924} INFO - 0 downstream tasks scheduled from follow-on schedule check
[2026-03-09T17:13:48.497+0000] {local_task_job_runner.py:245} INFO - ::endgroup::
