[2026-03-09T16:47:59.432+0000] {local_task_job_runner.py:123} INFO - ::group::Pre task execution logs
[2026-03-09T16:47:59.454+0000] {taskinstance.py:2631} INFO - Dependencies all met for dep_context=non-requeueable deps ti=<TaskInstance: analytical_marts.check_marts manual__2026-03-09T16:47:51.138835+00:00 [queued]>
[2026-03-09T16:47:59.462+0000] {taskinstance.py:2631} INFO - Dependencies all met for dep_context=requeueable deps ti=<TaskInstance: analytical_marts.check_marts manual__2026-03-09T16:47:51.138835+00:00 [queued]>
[2026-03-09T16:47:59.462+0000] {taskinstance.py:2884} INFO - Starting attempt 1 of 2
[2026-03-09T16:47:59.472+0000] {taskinstance.py:2907} INFO - Executing <Task(PythonOperator): check_marts> on 2026-03-09 16:47:51.138835+00:00
[2026-03-09T16:47:59.477+0000] {standard_task_runner.py:72} INFO - Started process 384 to run task
[2026-03-09T16:47:59.481+0000] {standard_task_runner.py:104} INFO - Running: ['***', 'tasks', 'run', 'analytical_marts', 'check_marts', 'manual__2026-03-09T16:47:51.138835+00:00', '--job-id', '40', '--raw', '--subdir', 'DAGS_FOLDER/analytical_marts.py', '--cfg-path', '/tmp/tmpg1m5b0qq']
[2026-03-09T16:47:59.483+0000] {standard_task_runner.py:105} INFO - Job 40: Subtask check_marts
[2026-03-09T16:47:59.536+0000] {task_command.py:467} INFO - Running <TaskInstance: analytical_marts.check_marts manual__2026-03-09T16:47:51.138835+00:00 [running]> on host 0758b4bba4fb
[2026-03-09T16:47:59.604+0000] {taskinstance.py:3157} INFO - Exporting env vars: AIRFLOW_CTX_DAG_OWNER='student' AIRFLOW_CTX_DAG_ID='analytical_marts' AIRFLOW_CTX_TASK_ID='check_marts' AIRFLOW_CTX_EXECUTION_DATE='2026-03-09T16:47:51.138835+00:00' AIRFLOW_CTX_TRY_NUMBER='1' AIRFLOW_CTX_DAG_RUN_ID='manual__2026-03-09T16:47:51.138835+00:00'
[2026-03-09T16:47:59.605+0000] {taskinstance.py:740} INFO - ::endgroup::
[2026-03-09T16:47:59.624+0000] {base.py:84} INFO - Retrieving connection 'postgres_etl'
[2026-03-09T16:47:59.631+0000] {logging_mixin.py:190} INFO - User activity mart: 0 rows
[2026-03-09T16:47:59.631+0000] {logging_mixin.py:190} INFO - Support efficiency mart: 0 rows
[2026-03-09T16:47:59.632+0000] {logging_mixin.py:190} INFO - 
Sample from user_activity_mart:
[2026-03-09T16:47:59.632+0000] {logging_mixin.py:190} INFO - 
Sample from support_efficiency_mart:
[2026-03-09T16:47:59.632+0000] {python.py:240} INFO - Done. Returned value was: None
[2026-03-09T16:47:59.642+0000] {taskinstance.py:349} INFO - ::group::Post task execution logs
[2026-03-09T16:47:59.642+0000] {taskinstance.py:361} INFO - Marking task as SUCCESS. dag_id=analytical_marts, task_id=check_marts, run_id=manual__2026-03-09T16:47:51.138835+00:00, execution_date=20260309T164751, start_date=20260309T164759, end_date=20260309T164759
[2026-03-09T16:47:59.696+0000] {local_task_job_runner.py:266} INFO - Task exited with return code 0
[2026-03-09T16:47:59.714+0000] {taskinstance.py:3924} INFO - 0 downstream tasks scheduled from follow-on schedule check
[2026-03-09T16:47:59.715+0000] {local_task_job_runner.py:245} INFO - ::endgroup::
